[backblue.gif]
[fade.gif]
[index.html]
[tattek.com/minoral/images/favicon.ico]
[tattek.com/minoral/css/bootstrap.min.css]
[netdna.bootstrapcdn.com/font-awesome/4.0.3/css/font-awesome.css]
[tattek.com/minoral/css/animate.min.css]
[tattek.com/minoral/css/rickshaw.min.css]
[tattek.com/minoral/css/bootstrap-checkbox.css]
[tattek.com/minoral/css/summernote.css]
[tattek.com/minoral/css/summernote-bs3.css]
[tattek.com/minoral/css/chosen.min.css]
[tattek.com/minoral/css/chosen-bootstrap.css]
[tattek.com/minoral/css/minoral.css]
[tattek.com/minoral/index-2.html]
[tattek.com/minoral/images/profile-photo.jpg]
[tattek.com/minoral/images/ici-avatar.jpg]
[tattek.com/minoral/images/arnold-avatar.jpg]
[tattek.com/minoral/images/peter-avatar.jpg]
[tattek.com/minoral/images/george-avatar.jpg]
[tattek.com/minoral/mail.html]
[tattek.com/minoral/form-elements.html]
[tattek.com/minoral/validation-elements.html]
[tattek.com/minoral/form-wizard.html]
[tattek.com/minoral/ui-elements.html]
[tattek.com/minoral/typography.html]
[tattek.com/minoral/tiles.html]
[tattek.com/minoral/buttons.html]
[tattek.com/minoral/grid.html]
[tattek.com/minoral/tables.html]
[tattek.com/minoral/datatables.html]
[tattek.com/minoral/login.html]
[tattek.com/minoral/calendar.html]
[tattek.com/minoral/page404.html]
[tattek.com/minoral/page403.html]
[tattek.com/minoral/page500.html]
[tattek.com/minoral/page503.html]
[tattek.com/minoral/page-offline.html]
[tattek.com/minoral/gallery.html]
[tattek.com/minoral/timeline.html]
[tattek.com/minoral/mail-horizontal.html]
[tattek.com/minoral/vector-maps.html]
[tattek.com/minoral/widgets.html]
[tattek.com/minoral/google-maps.html]
[tattek.com/minoral/charts.html]
[google-code-prettify.googlecode.com/svn/loader/run_prettifyf793.js]
[code.jquery.com/jquery.js]
[tattek.com/minoral/js/bootstrap.min.js]
[tattek.com/minoral/js/plugins/jquery.easypiechart.min.js]
[tattek.com/minoral/js/plugins/blockui/jquery.blockUI.js]
[tattek.com/minoral/js/plugins/jquery.animateNumbers.js]
[tattek.com/minoral/js/plugins/jquery.nicescroll.min.js]
[tattek.com/minoral/js/plugins/flot/jquery.flot.time.min.js]
[tattek.com/minoral/js/plugins/flot/jquery.flot.min.js]
[tattek.com/minoral/js/plugins/flot/jquery.flot.selection.min.js]
[tattek.com/minoral/js/plugins/flot/jquery.flot.animator.min.js]
[tattek.com/minoral/js/plugins/flot/jquery.flot.orderBars.js]
[tattek.com/minoral/js/plugins/rickshaw/raphael-min.js]
[tattek.com/minoral/js/plugins/skycons/skycons.js]
[tattek.com/minoral/js/plugins/rickshaw/rickshaw.min.js]
[tattek.com/minoral/js/plugins/chosen/chosen.jquery.min.js]
[tattek.com/minoral/js/plugins/jquery.sparkline.min.js]
[tattek.com/minoral/js/plugins/summernote/summernote.min.js]
[tattek.com/minoral/js/plugins/tabdrop/bootstrap-tabdrop.min.js]
[tattek.com/minoral/js/charts.js]
[tattek.com/minoral/index.html]
[tattek.com/minoral/js/plugins/morris/morris.min.js]
[tattek.com/minoral/js/minoral.js]
[tattek.com/minoral/fonts/glyphicons-halflings-regular.eot]
[tattek.com/minoral/fonts/glyphicons-halflings-regular.woff]
[tattek.com/minoral/js/plugins/rickshaw/d3.v2.js]
[tattek.com/minoral/fonts/glyphicons-halflings-regular.ttf]
[tattek.com/minoral/css/bootstrap.min.css]
[tattek.com/minoral/fonts/glyphicons-halflings-regulard41d.eot]
[netdna.bootstrapcdn.com/font-awesome/4.0.3/css/font-awesome.css]
[tattek.com/minoral/css/animate.min.css]
[tattek.com/minoral/css/rickshaw.min.css]
[tattek.com/minoral/css/bootstrap-checkbox.css]
[tattek.com/minoral/css/summernote.css]
[tattek.com/minoral/css/summernote-bs3.css]
[tattek.com/minoral/images/chosen-sprite.png]
[tattek.com/minoral/images/chosen-sprite@2x.png]
[tattek.com/minoral/css/chosen.min.css]
[tattek.com/minoral/css/chosen-bootstrap.css]
[tattek.com/minoral/js/plugins/tabdrop/css/tabdrop.css]
[tattek.com/minoral/css/morris.css]
[tattek.com/minoral/images/minoral-logo.png]
[tattek.com/minoral/images/minoral-logo-white.png]
[tattek.com/minoral/images/loader.gif]
[tattek.com/minoral/images/chosen-sprite-transparent.png]
[tattek.com/minoral/images/wall.jpg]
[tattek.com/minoral/css/minoral.css]
[tattek.com/minoral/index-2.html]
[tattek.com/minoral/mail.html]
[tattek.com/minoral/js/minoral.min.js]
[tattek.com/minoral/css/datepicker3.css]
[tattek.com/minoral/css/bootstrap-colorpicker.css]
[tattek.com/minoral/form-elements.html]
[tattek.com/minoral/js/plugins/colorpicker/bootstrap-colorpicker.min.js]
[tattek.com/minoral/validation-elements.html]
[tattek.com/minoral/js/plugins/datepicker/bootstrap-datepicker.js]
[tattek.com/minoral/js/plugins/parsley/parsley.min.js]
[tattek.com/minoral/form-wizard.html]
[tattek.com/minoral/js/plugins/wizard/jquery.bootstrap.wizard.min.js]
[tattek.com/minoral/css/jquery.jgrowl.min.css]
[tattek.com/minoral/css/typeahead.js-bootstrap.css]
[tattek.com/minoral/css/jquery.nouislider.min.css]
[tattek.com/minoral/js/plugins/jgrowl/jquery.jgrowl.min.js]
[tattek.com/minoral/ui-elements.html]
[tattek.com/minoral/typography.html]
[tattek.com/minoral/tiles.html]
[tattek.com/minoral/buttons.html]
[tattek.com/minoral/grid.html]
[tattek.com/minoral/tables.html]
[tattek.com/minoral/js/plugins/no-ui-slider/jquery.nouislider.min.js]
[tattek.com/minoral/css/dataTables.bootstrap.css]
[tattek.com/minoral/js/plugins/typeahead/typeahead.min.js]
[tattek.com/minoral/css/ColVis.css]
[tattek.com/minoral/css/TableTools.css]
[tattek.com/minoral/js/plugins/datatables/tabletools/ZeroClipboard.js]
[tattek.com/minoral/js/plugins/datatables/ColReorderWithResize.js]
[tattek.com/minoral/datatables.html]
[tattek.com/minoral/images/logo-big.png]
[tattek.com/minoral/js/plugins/datatables/dataTables.bootstrap.js]
[tattek.com/minoral/login.html]
[tattek.com/minoral/js/plugins/datatables/jquery.dataTables.min.js]
[tattek.com/minoral/js/plugins/fullcalendar/fullcalendar.css]
[tattek.com/minoral/js/plugins/fullcalendar/jquery-ui-1.10.4.custom.min.js]
[tattek.com/minoral/js/plugins/colorpalette/bootstrap-colorpalette.js]
[tattek.com/minoral/calendar.html]
[tattek.com/minoral/page404.html]
[tattek.com/minoral/page403.html]
[tattek.com/minoral/page500.html]
[tattek.com/minoral/page503.html]
[tattek.com/minoral/page-offline.html]
[tattek.com/minoral/js/plugins/superbox/css/style.css]
[tattek.com/minoral/js/plugins/colorbox/css/colorbox.css]
[tattek.com/minoral/js/plugins/superbox/superbox.js]
[tattek.com/minoral/gallery.html]
[tattek.com/minoral/js/plugins/colorbox/jquery.colorbox-min.js]
[tattek.com/minoral/images/carousel/carousel1.jpg]
[tattek.com/minoral/images/carousel/carousel2.jpg]
[tattek.com/minoral/images/carousel/carousel3.jpg]
[tattek.com/minoral/timeline.html]
[tattek.com/minoral/js/plugins/fullcalendar/fullcalendar.min.js]
[tattek.com/minoral/mail-horizontal.html]
[tattek.com/minoral/js/plugins/jvectormaps/jquery-jvectormap-1.2.2.min.js]
[tattek.com/minoral/js/plugins/jvectormaps/addons/gdp-data.js]
[tattek.com/minoral/js/plugins/jvectormaps/addons/jquery-jvectormap-world-mill-en.js]
[tattek.com/minoral/js/plugins/jvectormaps/addons/jquery-jvectormap-us-aea-en.js]
[tattek.com/minoral/js/plugins/jvectormaps/addons/jquery-jvectormap-de-merc-en.js]
[tattek.com/minoral/js/plugins/jvectormaps/addons/jquery-jvectormap-fr-merc-en.js]
[tattek.com/minoral/js/plugins/jvectormaps/addons/mall-map.js]
[tattek.com/minoral/js/plugins/jvectormaps/addons/jquery-jvectormap-es-merc-en.js]
[tattek.com/minoral/vector-maps.html]
[tattek.com/minoral/js/plugins/gmaps/markerclusterer.min.js]
[tattek.com/minoral/js/plugins/gmaps/jquery.ui.map.full.min.js]
[tattek.com/minoral/js/plugins/gmaps/jquery.ui.map.microformat.min.js]
[tattek.com/minoral/js/plugins/jvectormaps/addons/jquery-jvectormap-us-lcc-en.js]
[google-maps-icons.googlecode.com/files/home.png]
[tattek.com/minoral/js/plugins/gmaps/jquery.ui.map.extensions.js]
[google-maps-icons.googlecode.com/files/girlfriend.png]
[google-maps-icons.googlecode.com/files/dates.png]
[google-maps-icons.googlecode.com/files/realestate.png]
[tattek.com/minoral/google-maps.html]
[google-maps-icons.googlecode.com/files/apartment.png]
[tattek.com/minoral/css/owl.carousel.css]
[tattek.com/minoral/css/owl.theme.css]
[blueimp.github.io/Gallery/css/blueimp-gallery.min.css]
[tattek.com/minoral/js/plugins/jquery-file-upload/css/jquery.fileupload-ui.css]
[tattek.com/minoral/images/owl-carousel/1.jpg]
[tattek.com/minoral/images/owl-carousel/3.jpg]
[tattek.com/minoral/images/owl-carousel/2.jpg]
[tattek.com/minoral/images/carousel/carousel4.jpg]
[tattek.com/minoral/js/plugins/owl-carousel/owl.carousel.min.js]
[blueimp.github.io/JavaScript-Templates/js/tmpl.min.js]
[blueimp.github.io/JavaScript-Load-Image/js/load-image.min.js]
[tattek.com/minoral/js/plugins/jquery-file-upload/vendor/jquery.ui.widget.js]
[blueimp.github.io/JavaScript-Canvas-to-Blob/js/canvas-to-blob.min.js]
[blueimp.github.io/Gallery/js/jquery.blueimp-gallery.min.js]
[tattek.com/minoral/js/plugins/jquery-file-upload/jquery.iframe-transport.js]
[tattek.com/minoral/js/plugins/jquery-file-upload/jquery.fileupload-process.js]
[tattek.com/minoral/js/plugins/jquery-file-upload/jquery.fileupload-image.js]
[tattek.com/minoral/js/plugins/jquery-file-upload/jquery.fileupload.js]
[tattek.com/minoral/js/plugins/jquery-file-upload/jquery.fileupload-audio.js]
[tattek.com/minoral/js/plugins/jquery-file-upload/jquery.fileupload-video.js]
[tattek.com/minoral/js/plugins/jquery-file-upload/jquery.fileupload-validate.js]
[tattek.com/minoral/widgets.html]
[tattek.com/minoral/js/plugins/jquery-file-upload/fileupload-main.js]
[tattek.com/minoral/js/plugins/jquery-file-upload/jquery.fileupload-ui.js]
[tattek.com/minoral/js/plugins/flot/jquery.flot.categories.min.js]
[tattek.com/minoral/js/plugins/flot/jquery.flot.stack.min.js]
[tattek.com/minoral/js/plugins/graphtable/jquery.graphTable-0.3.js]
[tattek.com/minoral/js/plugins/flot/jquery.flot.tooltip.min.js]
[tattek.com/minoral/charts.html]
[code.jquery.com/jquery.js]
[tattek.com/minoral/fonts/glyphicons-halflings-regular.svg]
[tattek.com/minoral/css/datepicker3.css]
[tattek.com/minoral/images/bootstrap-colorpicker/saturation.png]
[tattek.com/minoral/js/plugins/justgage/justgage.js]
[tattek.com/minoral/images/bootstrap-colorpicker/hue.png]
[tattek.com/minoral/images/bootstrap-colorpicker/alpha.png]
[tattek.com/minoral/images/bootstrap-colorpicker/hue-horizontal.png]
[tattek.com/minoral/images/bootstrap-colorpicker/alpha-horizontal.png]
[tattek.com/minoral/css/bootstrap-colorpicker.css]
[tattek.com/minoral/css/jquery.jgrowl.min.css]
[tattek.com/minoral/css/typeahead.js-bootstrap.css]
[tattek.com/minoral/css/jquery.nouislider.min.css]
[tattek.com/minoral/images/datatables/sort_both.png]
[tattek.com/minoral/images/datatables/sort_asc.png]
[tattek.com/minoral/images/datatables/sort_desc.png]
[tattek.com/minoral/images/datatables/sort_asc_disabled.png]
[tattek.com/minoral/images/datatables/sort_desc_disabled.png]
[tattek.com/minoral/css/dataTables.bootstrap.css]
[tattek.com/minoral/css/ColVis.css]
[tattek.com/minoral/js/plugins/flot/jquery.flot.pie.min.js]
[tattek.com/minoral/css/TableTools.css]
[tattek.com/minoral/js/plugins/datatables/colvis/dataTables.ColVis.min.html]
[tattek.com/minoral/js/plugins/datatables/tabletools/dataTables.TableTools.min.html]
[tattek.com/minoral/js/plugins/fullcalendar/fullcalendar.css]
[tattek.com/minoral/js/plugins/colorpalette/bootstrap-colorpalette.css]
[tattek.com/minoral/js/plugins/superbox/img/close.gif]
[tattek.com/minoral/js/plugins/superbox/css/style.css]
[tattek.com/minoral/js/plugins/colorbox/css/images/loading_background.png]
[tattek.com/minoral/js/plugins/colorbox/css/images/loading.gif]
[tattek.com/minoral/js/plugins/colorbox/css/images/controls.png]
[tattek.com/minoral/js/plugins/colorbox/css/colorbox.css]
[tattek.com/minoral/js/plugins/jvectormaps/css/jquery-jvectormap-1.2.2.css]
[tattek.com/minoral/images/carousel/carousel1.jpg]
[tattek.com/minoral/css/owl.carousel.css]
[tattek.com/minoral/css/owl.theme.css]
[blueimp.github.io/Gallery/img/loading.gif]
[blueimp.github.io/Gallery/img/error.png]
[blueimp.github.io/Gallery/img/play-pause.png]
[blueimp.github.io/Gallery/img/video-play.png]
[blueimp.github.io/Gallery/css/blueimp-gallery.min.css]
[tattek.com/minoral/js/plugins/jquery-file-upload/css/jquery.fileupload.css]
[tattek.com/minoral/js/plugins/jquery-file-upload/img/progressbar.gif]
[tattek.com/minoral/js/plugins/jquery-file-upload/img/loading.gif]
[tattek.com/minoral/js/plugins/jquery-file-upload/css/jquery.fileupload-ui.css]
[tattek.com/minoral/js/plugins/jquery-file-upload/css/jquery.fileupload-noscript.css]
[tattek.com/minoral/js/plugins/jquery-file-upload/css/jquery.fileupload-ui-noscript.css]
[blueimp.github.io/JavaScript-Templates/js/tmpl.min.js]
[blueimp.github.io/JavaScript-Load-Image/js/load-image.min.js]
[blueimp.github.io/JavaScript-Canvas-to-Blob/js/canvas-to-blob.min.js]
[blueimp.github.io/Gallery/js/jquery.blueimp-gallery.min.js]
[tattek.com/minoral/images/collection.html]
[tattek.com/minoral/images/collection_hover.html]
[tattek.com/minoral/images/background.html]
[tattek.com/minoral/css/grabbing.html]
[tattek.com/minoral/css/AjaxLoader.html]
